package tools

import (
	"context"
	"encoding/json"

	"github.com/bide-ai/bide/agent"
	"github.com/bide-ai/bide/plan"
)

type in struct{ Q string }

var lookup = agent.MustFunc("lookup", "looks up",
	func(ctx context.Context, x in) (string, error) { return x.Q, nil }, agent.WithSafety(agent.Safety{ReadOnly: true}))

var pay = agent.MustFunc("pay", "pays", func(ctx context.Context, x in) (int, error) { return 0, nil }, agent.WithTimeout(0))

var book = agent.MustCompensatedFunc("book", "books",
	func(ctx context.Context, x in) (int, error) { return 0, nil },
	func(ctx context.Context, x in, out int) error { return nil }, agent.WithSafety(agent.Safety{Idempotent: true}))

func sub(a *agent.Agent) agent.Tool { return agent.MustSubAgent("helper", "helps", a) }

// legacy implements the old Tool method set.
type legacy struct{ name string }

func (t *legacy) Name() string { return t.name }

// Spec describes the tool to the agent (see agent.Tool).
func (t *legacy) Spec() agent.ToolSpec {
	var s agent.ToolSpec
	s.Name = t.Name()
	s.Description = t.Description()
	s.Input = t.ArgsSchema()
	s.Safety = t.Safety()
	return s
}

func (t *legacy) Description() string         { return "legacy" }
func (t *legacy) ArgsSchema() json.RawMessage { return nil }
func (t *legacy) Safety() agent.Safety        { return agent.Safety{} }
func (t *legacy) Call(ctx context.Context, args json.RawMessage) (json.RawMessage, error) {
	return nil, nil
}

func names(ts []agent.Tool) []string {
	var out []string
	for _, t := range ts {
		out = append(out, t.Spec().Name, t.Spec().Description)
	}
	return out
}

func register(r *plan.Registry) error {
	return r.RegisterStep("double", func(ctx context.Context, n int) (int, error) { return 2 * n, nil })
}

func withOpts(opts ...agent.ToolOption) agent.Tool {
	return agent.MustFunc("x", "d", func(ctx context.Context, x in) (int, error) { return 0, nil }, append([]agent.ToolOption{agent.WithSafety(agent.Safety{ReadOnly: true})}, opts...)...)
}

// forceSideEffect is a decorator that embeds a tool and overrides its Safety: the override must
// survive (a read-only tool forced to be a side effect must not be re-run on resume).
type forceSideEffect struct{ agent.Tool }

func (forceSideEffect) Safety() agent.Safety { return agent.Safety{} }

// Spec describes the tool to the agent (see agent.Tool).
func (t forceSideEffect) Spec() agent.ToolSpec {
	s := t.Tool.Spec()
	s.Safety = t.Safety()
	return s
}

// renamed overrides the name and the description, on a pointer receiver, and reads the embedded
// tool's own description.
type renamed struct {
	agent.Tool
	prefix string
}

func (r *renamed) Name() string { return r.prefix + r.Tool.Spec().Name }

// Spec describes the tool to the agent (see agent.Tool).
func (r *renamed) Spec() agent.ToolSpec {
	s := r.Tool.Spec()
	s.Name = r.Name()
	s.Description = r.Description()
	return s
}

func (r *renamed) Description() string { return "renamed: " + r.Tool.Spec().Description }

// passThrough embeds a tool and overrides nothing: the embedded Spec is its own.
type passThrough struct{ agent.Tool }

var _ = []agent.Tool{forceSideEffect{}, &renamed{}, passThrough{}}

// wrapper implements the old method set and wraps a tool (Unwrap): its Spec starts from the
// wrapped tool's (its gate and timeout), as SpecOf read it, and a nil wrapped tool is none.
type wrapper struct{ inner agent.Tool }

func (w wrapper) Name() string { return "w" }

// Spec describes the tool to the agent (see agent.Tool).
func (w wrapper) Spec() agent.ToolSpec {
	var s agent.ToolSpec
	if u := w.Unwrap(); u != nil {
		s = u.Spec()
	}
	s.Name = w.Name()
	s.Description = w.Description()
	s.Input = w.ArgsSchema()
	s.Safety = w.Safety()
	return s
}

func (w wrapper) Description() string         { return "wrapped" }
func (w wrapper) ArgsSchema() json.RawMessage { return nil }
func (w wrapper) Safety() agent.Safety        { return agent.Safety{ReadOnly: true} }
func (w wrapper) Unwrap() agent.Tool          { return w.inner }
func (w wrapper) Call(ctx context.Context, args json.RawMessage) (json.RawMessage, error) {
	return w.inner.Call(ctx, args)
}

var _ agent.Tool = wrapper{}

// The caller's own WithSafety comes after the converted one, so it still wins.
var overridden = agent.MustFunc("o", "d", func(ctx context.Context, x in) (int, error) { return 0, nil }, agent.WithSafety(agent.Safety{ReadOnly: true}),
	agent.WithSafety(agent.Safety{Idempotent: true}))
