# A document with Go blocks

A statement block with a setup:

<!-- docsnip: setup ctx context.Context; store *agent.Journal; tool agent.Tool -->

```go
a, err := agent.New(
	agenttest.NewScriptedModel(agenttest.TextTurn("hi")),
	store,
	agent.WithTools(tool),
	agent.WithMaxTurns(4),
)
if err != nil {
	log.Fatal(err)
}
res, err := a.Run(ctx, "run-1", agent.UserText("hello"))
if err != nil {
	log.Fatal(err)
}
out := res.Message
fmt.Println(out.Text())
```

An indented block in a list, with an elision:

1. Build the tool:

   ```go
   var lookup = agent.MustFunc("lookup", "looks up",
   	func(ctx context.Context, q struct{ Q string }) (string, error) { ... }, agent.WithSafety(agent.Safety{ReadOnly: true}))
   ```

A skipped block is left alone:

<!-- docsnip: skip pseudo-code -->

```go
a.RunSaga(ctx, "r", "x")
```
